src/controllers/authController.ts(3,32): error TS2305: Module '"../types"' has no exported member 'Role'.
src/controllers/authController.ts(33,73): error TS2322: Type 'null' is not assignable to type 'number | undefined'.
src/controllers/layananController.ts(3,32): error TS2305: Module '"../types"' has no exported member 'Role'.
src/controllers/layananController.ts(14,47): error TS18048: 'req.user' is possibly 'undefined'.
src/controllers/layananController.ts(44,47): error TS18048: 'req.user' is possibly 'undefined'.
src/controllers/layananController.ts(70,47): error TS18048: 'req.user' is possibly 'undefined'.
src/controllers/layananController.ts(132,47): error TS18048: 'req.user' is possibly 'undefined'.
src/controllers/pendudukController.ts(6,10): error TS2305: Module '"../types"' has no exported member 'Role'.
src/controllers/pendudukController.ts(62,45): error TS18048: 'req.user' is possibly 'undefined'.
src/middlewares/roleMiddleware.ts(2,32): error TS2305: Module '"../types"' has no exported member 'Role'.
src/models/Layanan.ts(18,14): error TS2304: Cannot find name 'Penduduk'.
src/models/Layanan.ts(34,13): error TS2304: Cannot find name 'Penduduk'.
src/services/authService.ts(9,18): error TS7053: Element implicitly has an 'any' type because expression of type '0' can't be used to index type 'QueryResult'.
  Property '0' does not exist on type 'QueryResult'.
src/services/authService.ts(51,12): error TS7053: Element implicitly has an 'any' type because expression of type '0' can't be used to index type 'QueryResult'.
  Property '0' does not exist on type 'QueryResult'.
src/services/authService.ts(56,13): error TS7053: Element implicitly has an 'any' type because expression of type '0' can't be used to index type 'QueryResult'.
  Property '0' does not exist on type 'QueryResult'.
src/services/authService.ts(61,13): error TS7053: Element implicitly has an 'any' type because expression of type '0' can't be used to index type 'QueryResult'.
  Property '0' does not exist on type 'QueryResult'.
src/services/dashboardService.ts(7,28): error TS7053: Element implicitly has an 'any' type because expression of type '0' can't be used to index type 'QueryResult'.
  Property '0' does not exist on type 'QueryResult'.
src/services/dashboardService.ts(11,27): error TS7053: Element implicitly has an 'any' type because expression of type '0' can't be used to index type 'QueryResult'.
  Property '0' does not exist on type 'QueryResult'.
src/services/dashboardService.ts(17,16): error TS2339: Property 'forEach' does not exist on type 'QueryResult'.
  Property 'forEach' does not exist on type 'OkPacket'.
src/services/layananService.ts(13,12): error TS7053: Element implicitly has an 'any' type because expression of type '0' can't be used to index type 'QueryResult'.
  Property '0' does not exist on type 'QueryResult'.
src/services/layananService.ts(21,28): error TS2304: Cannot find name 'LayananWithPenduduk'.
src/services/layananService.ts(49,17): error TS7053: Element implicitly has an 'any' type because expression of type '0' can't be used to index type 'QueryResult'.
  Property '0' does not exist on type 'QueryResult'.
src/services/layananService.ts(79,12): error TS7053: Element implicitly has an 'any' type because expression of type '0' can't be used to index type 'QueryResult'.
  Property '0' does not exist on type 'QueryResult'.
src/services/layananService.ts(89,20): error TS7053: Element implicitly has an 'any' type because expression of type '0' can't be used to index type 'QueryResult'.
  Property '0' does not exist on type 'QueryResult'.
src/services/layananService.ts(95,16): error TS2339: Property 'forEach' does not exist on type 'QueryResult'.
  Property 'forEach' does not exist on type 'OkPacket'.
src/services/pendudukService.ts(29,12): error TS7053: Element implicitly has an 'any' type because expression of type '0' can't be used to index type 'QueryResult'.
  Property '0' does not exist on type 'QueryResult'.
src/services/pendudukService.ts(65,13): error TS7053: Element implicitly has an 'any' type because expression of type '0' can't be used to index type 'QueryResult'.
  Property '0' does not exist on type 'QueryResult'.
src/services/pendudukService.ts(99,12): error TS7053: Element implicitly has an 'any' type because expression of type '0' can't be used to index type 'QueryResult'.
  Property '0' does not exist on type 'QueryResult'.
src/services/pendudukService.ts(109,13): error TS7053: Element implicitly has an 'any' type because expression of type '0' can't be used to index type 'QueryResult'.
  Property '0' does not exist on type 'QueryResult'.
